// Jest Snapshot v1, https://goo.gl/fbAQLP

exports[`can serialize the initial state 1`] = `
Object {
  "display": Object {
    "doubled": false,
    "llama": false,
    "marqueeStep": 0,
    "skinColors": Array [
      "rgb(0,0,0)",
      "rgb(24,33,41)",
      "rgb(239,49,16)",
      "rgb(206,41,16)",
      "rgb(214,90,0)",
      "rgb(214,102,0)",
      "rgb(214,115,0)",
      "rgb(198,123,8)",
      "rgb(222,165,24)",
      "rgb(214,181,33)",
      "rgb(189,222,41)",
      "rgb(148,222,33)",
      "rgb(41,206,16)",
      "rgb(50,190,16)",
      "rgb(57,181,16)",
      "rgb(49,156,8)",
      "rgb(41,148,0)",
      "rgb(24,132,8)",
      "rgb(255,255,255)",
      "rgb(214,214,222)",
      "rgb(181,189,189)",
      "rgb(160,170,175)",
      "rgb(148,156,165)",
      "rgb(150,150,150)",
    ],
    "skinCursors": null,
    "skinGenLetterWidths": null,
    "skinImages": Object {
      "EQ_GRAPH_LINE_COLORS": "data:image/png;base64,iVBORw0KGgoAAAANSUhEUgAAAAEAAAATCAYAAABRC2cZAAAAR0lEQVQYV2O4rCT9n+F9kOJ/hvfViv8ZHkzSQCE2afxneH/HEJm49Nr0PwOYWPLIAkp0PjL4z1B41uQ/Q9QGnf8MWrPEIAQANWYwvnlToNIAAAAASUVORK5CYII=",
      "EQ_PREAMP_LINE": "data:image/png;base64,iVBORw0KGgoAAAANSUhEUgAAAHEAAAABCAYAAADpXEERAAAAE0lEQVQoU2Pcdfruf4ZRMKRDAAD1lwNjTqcaUQAAAABJRU5ErkJggg==",
    },
    "skinPlaylistStyle": null,
    "skinRegion": Object {},
    "visualizerStyle": 0,
  },
  "equalizer": Object {
    "auto": false,
    "on": true,
    "sliders": Object {
      "1000": 50,
      "12000": 50,
      "14000": 50,
      "16000": 50,
      "170": 50,
      "3000": 50,
      "310": 50,
      "60": 50,
      "600": 50,
      "6000": 50,
      "preamp": 50,
    },
  },
  "media": Object {
    "balance": 0,
    "repeat": false,
    "shuffle": false,
    "volume": 78,
  },
  "version": 1,
  "windows": Object {
    "focused": "main",
    "genWindows": Object {
      "equalizer": Object {
        "hidden": false,
        "open": true,
        "position": Object {
          "x": 0,
          "y": 0,
        },
        "shade": false,
        "size": Array [
          0,
          0,
        ],
      },
      "main": Object {
        "hidden": false,
        "open": true,
        "position": Object {
          "x": 0,
          "y": 0,
        },
        "shade": false,
        "size": Array [
          0,
          0,
        ],
      },
      "playlist": Object {
        "hidden": false,
        "open": true,
        "position": Object {
          "x": 0,
          "y": 0,
        },
        "shade": false,
        "size": Array [
          0,
          0,
        ],
      },
    },
    "positionsAreRelative": true,
  },
}
`;
